// Jest Snapshot v1, https://goo.gl/fbAQLP

exports[`CFDrawer can match snapshot 1`] = `
<DocumentFragment>
  <div
    class="MuiDrawer-root MuiDrawer-docked"
  >
    <div
      class="MuiPaper-root MuiDrawer-paper MuiDrawer-paperAnchorLeft MuiDrawer-paperAnchorDockedLeft MuiPaper-elevation0"
    >
      <div
        class="MuiBox-root MuiBox-root-1"
      >
        <ul
          class="MuiList-root MuiList-padding"
        >
          <div
            aria-disabled="false"
            class="MuiButtonBase-root MuiListItem-root MuiListItem-gutters MuiListItem-button"
            role="button"
            tabindex="0"
            title="Erreur: La position initiale n'a pas été spécifiée pour cf1"
          >
            <div
              class="MuiListItemIcon-root"
              style="width: 40px; min-width: unset; margin-right: 1rem;"
            >
              <svg
                class="CircularProgressbar "
                data-test-id="CircularProgressbar"
                viewBox="0 0 100 100"
              >
                <circle
                  class="CircularProgressbar-background"
                  cx="50"
                  cy="50"
                  r="50"
                  style="fill: #f44336;"
                />
                <path
                  class="CircularProgressbar-trail"
                  d="
      M 50,50
      m 0,-46
      a 46,46 0 1 1 0,92
      a 46,46 0 1 1 0,-92
    "
                  fill-opacity="0"
                  stroke-width="8"
                  style="stroke: #e57373; stroke-dasharray: 289.02652413026095px 289.02652413026095px; stroke-dashoffset: 0px;"
                />
                <path
                  class="CircularProgressbar-path"
                  d="
      M 50,50
      m 0,-46
      a 46,46 0 1 1 0,92
      a 46,46 0 1 1 0,-92
    "
                  fill-opacity="0"
                  stroke-width="8"
                  style="stroke: #d32f2f; stroke-dasharray: 289.02652413026095px 289.02652413026095px; stroke-dashoffset: 260.12387171723486px;"
                />
                <text
                  class="CircularProgressbar-text"
                  style="fill: #fff;"
                  x="50"
                  y="50"
                >
                  10.00 %
                </text>
              </svg>
            </div>
            <div
              class="MuiListItemText-root MuiListItemText-multiline"
              color="#f44336"
            >
              <p
                class="MuiTypography-root MuiTypography-body1 MuiTypography-colorError"
              >
                cf1
              </p>
              <p
                class="MuiTypography-root MuiListItemText-secondary MuiTypography-body2 MuiTypography-colorTextSecondary MuiTypography-displayBlock"
              >
                Vitesse: 1.00
              </p>
            </div>
            <div
              class="MuiListItemIcon-root"
              style="justify-content: flex-end;"
            >
              <svg
                aria-hidden="true"
                class="MuiSvgIcon-root"
                focusable="false"
                title="En Mission"
                viewBox="0 0 24 24"
              >
                <path
                  d="M22 16v-2l-8.5-5V3.5c0-.83-.67-1.5-1.5-1.5s-1.5.67-1.5 1.5V9L2 14v2l8.5-2.5V19L8 20.5V22l4-1 4 1v-1.5L13.5 19v-5.5L22 16z"
                />
              </svg>
            </div>
          </div>
          <div
            aria-disabled="false"
            class="MuiButtonBase-root MuiListItem-root MuiListItem-gutters MuiListItem-button"
            role="button"
            tabindex="0"
            title="Erreur: La position initiale n'a pas été spécifiée pour cf2"
          >
            <div
              class="MuiListItemIcon-root"
              style="width: 40px; min-width: unset; margin-right: 1rem;"
            >
              <svg
                class="CircularProgressbar "
                data-test-id="CircularProgressbar"
                viewBox="0 0 100 100"
              >
                <circle
                  class="CircularProgressbar-background"
                  cx="50"
                  cy="50"
                  r="50"
                  style="fill: #f44336;"
                />
                <path
                  class="CircularProgressbar-trail"
                  d="
      M 50,50
      m 0,-46
      a 46,46 0 1 1 0,92
      a 46,46 0 1 1 0,-92
    "
                  fill-opacity="0"
                  stroke-width="8"
                  style="stroke: #e57373; stroke-dasharray: 289.02652413026095px 289.02652413026095px; stroke-dashoffset: 0px;"
                />
                <path
                  class="CircularProgressbar-path"
                  d="
      M 50,50
      m 0,-46
      a 46,46 0 1 1 0,92
      a 46,46 0 1 1 0,-92
    "
                  fill-opacity="0"
                  stroke-width="8"
                  style="stroke: #d32f2f; stroke-dasharray: 289.02652413026095px 289.02652413026095px; stroke-dashoffset: 28.90265241302609px;"
                />
                <text
                  class="CircularProgressbar-text"
                  style="fill: #fff;"
                  x="50"
                  y="50"
                >
                  90.00 %
                </text>
              </svg>
            </div>
            <div
              class="MuiListItemText-root MuiListItemText-multiline"
              color="#f44336"
            >
              <p
                class="MuiTypography-root MuiTypography-body1 MuiTypography-colorError"
              >
                cf2
              </p>
              <p
                class="MuiTypography-root MuiListItemText-secondary MuiTypography-body2 MuiTypography-colorTextSecondary MuiTypography-displayBlock"
              >
                Vitesse: 
              </p>
            </div>
            <div
              class="MuiListItemIcon-root"
              style="justify-content: flex-end;"
            >
              <svg
                aria-hidden="true"
                class="MuiSvgIcon-root"
                focusable="false"
                title="Écrasé"
                viewBox="0 0 24 24"
              >
                <path
                  d="M10.5 7.67V3.5c0-.83.67-1.5 1.5-1.5s1.5.67 1.5 1.5V9l8.5 5v2l-4.49-1.32-7.01-7.01zm9.28 14.94l1.41-1.41-7.69-7.7-3.94-3.94-6.75-6.75-1.42 1.41 6.38 6.38L2 14v2l8.5-2.5V19L8 20.5V22l4-1 4 1v-1.5L13.5 19v-2.67l6.28 6.28z"
                />
              </svg>
            </div>
          </div>
        </ul>
      </div>
      <ul
        class="MuiList-root MuiList-padding"
      >
        <div
          aria-disabled="false"
          class="MuiButtonBase-root MuiListItem-root MuiListItem-gutters MuiListItem-button"
          role="button"
          tabindex="0"
        >
          <div
            class="MuiListItemIcon-root"
          >
            <svg
              aria-hidden="true"
              class="MuiSvgIcon-root"
              focusable="false"
              viewBox="0 0 24 24"
            >
              <path
                d="M17.65 6.35C16.2 4.9 14.21 4 12 4c-4.42 0-7.99 3.58-7.99 8s3.57 8 7.99 8c3.73 0 6.84-2.55 7.73-6h-2.08c-.82 2.33-3.04 4-5.65 4-3.31 0-6-2.69-6-6s2.69-6 6-6c1.66 0 3.14.69 4.22 1.78L13 11h7V4l-2.35 2.35z"
              />
            </svg>
          </div>
          <div
            class="MuiListItemText-root"
          >
            <span
              class="MuiTypography-root MuiListItemText-primary MuiTypography-body1 MuiTypography-displayBlock"
            >
              Balayer
            </span>
          </div>
        </div>
        <div
          aria-disabled="false"
          class="MuiButtonBase-root MuiListItem-root MuiListItem-gutters MuiListItem-button"
          role="button"
          tabindex="0"
        >
          <div
            class="MuiListItemIcon-root"
          >
            <svg
              aria-hidden="true"
              class="MuiSvgIcon-root"
              focusable="false"
              viewBox="0 0 24 24"
            >
              <path
                d="M17 6H7c-3.31 0-6 2.69-6 6s2.69 6 6 6h10c3.31 0 6-2.69 6-6s-2.69-6-6-6zm0 10H7c-2.21 0-4-1.79-4-4s1.79-4 4-4h10c2.21 0 4 1.79 4 4s-1.79 4-4 4zM7 9c-1.66 0-3 1.34-3 3s1.34 3 3 3 3-1.34 3-3-1.34-3-3-3z"
              />
            </svg>
          </div>
          <div
            class="MuiListItemText-root"
          >
            <span
              class="MuiTypography-root MuiListItemText-primary MuiTypography-body1 MuiTypography-displayBlock"
            >
              Rafraîchissement Automatique
            </span>
          </div>
        </div>
        <hr
          class="MuiDivider-root"
        />
        <li
          class="MuiListItem-root MuiListItem-gutters"
        >
          <div
            class="MuiListItemIcon-root"
          >
            <svg
              aria-hidden="true"
              class="MuiSvgIcon-root"
              focusable="false"
              viewBox="0 0 24 24"
            >
              <path
                d="M17.56 14.24c.28-.69.44-1.45.44-2.24 0-3.31-2.69-6-6-6-.79 0-1.55.16-2.24.44l1.62 1.62c.2-.03.41-.06.62-.06 2.21 0 4 1.79 4 4 0 .21-.02.42-.05.63l1.61 1.61zM12 4c4.42 0 8 3.58 8 8 0 1.35-.35 2.62-.95 3.74l1.47 1.47C21.46 15.69 22 13.91 22 12c0-5.52-4.48-10-10-10-1.91 0-3.69.55-5.21 1.47l1.46 1.46C9.37 4.34 10.65 4 12 4zM3.27 2.5L2 3.77l2.1 2.1C2.79 7.57 2 9.69 2 12c0 3.7 2.01 6.92 4.99 8.65l1-1.73C5.61 17.53 4 14.96 4 12c0-1.76.57-3.38 1.53-4.69l1.43 1.44C6.36 9.68 6 10.8 6 12c0 2.22 1.21 4.15 3 5.19l1-1.74c-1.19-.7-2-1.97-2-3.45 0-.65.17-1.25.44-1.79l1.58 1.58L10 12c0 1.1.9 2 2 2l.21-.02.01.01 7.51 7.51L21 20.23 4.27 3.5l-1-1z"
              />
            </svg>
          </div>
          <div
            class="MuiFormControl-root MuiTextField-root"
          >
            <label
              class="MuiFormLabel-root MuiInputLabel-root MuiInputLabel-formControl MuiInputLabel-animated MuiInputLabel-shrink Mui-error Mui-error MuiFormLabel-filled"
              data-shrink="true"
            >
              URL du serveur
            </label>
            <div
              class="MuiInputBase-root MuiInput-root MuiInput-underline Mui-error Mui-error MuiInputBase-formControl MuiInput-formControl"
            >
              <input
                aria-invalid="true"
                class="MuiInputBase-input MuiInput-input"
                type="text"
                value="http://localhost:5000"
              />
            </div>
          </div>
        </li>
      </ul>
    </div>
  </div>
</DocumentFragment>
`;
