// Jest Snapshot v1, https://goo.gl/fbAQLP

exports[`Logs can match snapshot 1`] = `<DocumentFragment />`;
