// Jest Snapshot v1, https://goo.gl/fbAQLP

exports[`Map can match snapshot 1`] = `
<DocumentFragment>
  <svg
    height="100%"
    id="map-viewport"
    style="background-color: grey; position: absolute;"
    viewBox="0 0 100 100"
    width="100%"
  >
    <defs>
      <filter
        filterUnits="userSpaceOnUse"
        id="f1"
        x="0"
        y="0"
      >
        <fegaussianblur
          in="SourceGraphic"
          stdDeviation="5"
        />
      </filter>
    </defs>
  </svg>
  <div
    class="MuiGrid-root MuiGrid-container MuiGrid-align-content-xs-space-between"
    style="height: 100%; padding: 1rem;"
  >
    <div
      class="MuiGrid-root MuiGrid-container MuiGrid-spacing-xs-2 MuiGrid-item MuiGrid-grid-xs-11"
    >
      <div
        class="MuiGrid-root MuiGrid-item MuiGrid-grid-xs-12 MuiGrid-grid-sm-4"
      >
        <span
          class="MuiSlider-root MuiSlider-colorPrimary"
          id="slider-zoom"
        >
          <span
            class="MuiSlider-rail"
          />
          <span
            class="MuiSlider-track"
            style="left: 0%; width: 49.74874371859296%;"
          />
          <input
            type="hidden"
            value="100"
          />
          <span
            aria-orientation="horizontal"
            aria-valuemax="200"
            aria-valuemin="1"
            aria-valuenow="100"
            class="MuiSlider-thumb MuiSlider-thumbColorPrimary"
            data-index="0"
            role="slider"
            style="left: 49.74874371859296%;"
            tabindex="0"
          />
        </span>
      </div>
    </div>
    <div
      class="MuiGrid-root MuiGrid-item MuiGrid-grid-xs-1"
    >
      <button
        class="MuiButtonBase-root MuiIconButton-root"
        style="position: absolute; right: 0px;"
        tabindex="0"
        type="button"
      >
        <span
          class="MuiIconButton-label"
        >
          <svg
            aria-hidden="true"
            class="MuiSvgIcon-root"
            focusable="false"
            title="Télécharger l'image SVG"
            viewBox="0 0 24 24"
          >
            <path
              d="M19 12v7H5v-7H3v7c0 1.1.9 2 2 2h14c1.1 0 2-.9 2-2v-7h-2zm-6 .67l2.59-2.58L17 11.5l-5 5-5-5 1.41-1.41L11 12.67V3h2z"
            />
          </svg>
        </span>
      </button>
    </div>
    <div
      class="MuiGrid-root MuiGrid-container MuiGrid-spacing-xs-2 MuiGrid-item MuiGrid-grid-xs-12 MuiGrid-grid-sm-4"
      style="height: 50%;"
    >
      <div
        class="MuiBox-root MuiBox-root-8 makeStyles-root-6"
      >
        <div
          class="MuiBox-root MuiBox-root-9 makeStyles-leftSection-7"
        >
          <span
            class="MuiSlider-root MuiSlider-colorPrimary MuiSlider-vertical"
          >
            <span
              class="MuiSlider-rail"
            />
            <span
              class="MuiSlider-track"
              style="bottom: 0%; height: 50%;"
            />
            <input
              type="hidden"
              value="0"
            />
            <span
              aria-orientation="vertical"
              aria-valuemax="100"
              aria-valuemin="-100"
              aria-valuenow="0"
              class="MuiSlider-thumb MuiSlider-thumbColorPrimary"
              data-index="0"
              role="slider"
              style="bottom: 50%;"
              tabindex="0"
            />
          </span>
          <button
            class="MuiButtonBase-root MuiIconButton-root"
            tabindex="0"
            type="button"
          >
            <span
              class="MuiIconButton-label"
            >
              <svg
                aria-hidden="true"
                class="MuiSvgIcon-root"
                focusable="false"
                viewBox="0 0 24 24"
              >
                <path
                  d="M12 8c-2.21 0-4 1.79-4 4s1.79 4 4 4 4-1.79 4-4-1.79-4-4-4zm8.94 3c-.46-4.17-3.77-7.48-7.94-7.94V1h-2v2.06C6.83 3.52 3.52 6.83 3.06 11H1v2h2.06c.46 4.17 3.77 7.48 7.94 7.94V23h2v-2.06c4.17-.46 7.48-3.77 7.94-7.94H23v-2h-2.06zM12 19c-3.87 0-7-3.13-7-7s3.13-7 7-7 7 3.13 7 7-3.13 7-7 7z"
                />
              </svg>
            </span>
          </button>
        </div>
        <span
          class="MuiSlider-root MuiSlider-colorPrimary"
        >
          <span
            class="MuiSlider-rail"
          />
          <span
            class="MuiSlider-track"
            style="left: 0%; width: 50%;"
          />
          <input
            type="hidden"
            value="0"
          />
          <span
            aria-orientation="horizontal"
            aria-valuemax="100"
            aria-valuemin="-100"
            aria-valuenow="0"
            class="MuiSlider-thumb MuiSlider-thumbColorPrimary"
            data-index="0"
            role="slider"
            style="left: 50%;"
            tabindex="0"
          />
        </span>
      </div>
    </div>
  </div>
</DocumentFragment>
`;
